square wave, the first 7 harmonics

    |    ##                          ##                                        
    |   #  ##    ####      ####    ##  #                                       
 +1 |........****....******....****.......                                     
    |  #                                #                                      
    |                                                                          
    |                                                                          
    | #                                  #                                     
    |                                                                          
    |                                                                          
  0 |#                                    #                                    
    |                                                                          
    |                                                                          
    |                                      #                                  #
    |                                                                          
    |                                                                          
    |                                       #                                # 
 -1 |                                     ........****....******....****.......
    |                                        #  ##    ####      ####    ##  #  
    |                                         ##                          ##   
    |                                                                          
    |                                                                          
    +--------------------------------------------------------------------------
     0                               half a period                       1

  # the partial sum   . the waveform it is chasing   * where they agree

  RMS error 0.224503   try -n 28 to see it fall
