The inner solar system on 2026-09-04  (1.6 au across the half-width)

  
                                .... .... ...
                        ...... .             .. ....m
                   ....                              ... .
               ....                                       ...
             ..                                              ...
           ..                                                   ...
         ..                    .....................              ..
       ..                  .....                    ....            .
      ..                ....       .............        ...          ..
     .                ...     .....             ....       ..          .
    .                ..     ...                     ...     ..         ..
    .              ..     ...                         ...     ..        .
   .               .     ..        ............         ..     .         .
   .              ..     .       ...          ...        ..     .        .
   .              .     ..      ..              ..        .     .        .
   .              .     .       M        @       .        .     .        .
   .              .      .      .                .       ..     .        .
    .              .     ..     ...            ...      ..     E.       .
    ..             ..     ..      ....      ....       ..     ..        .
     .              ..      ...       ......        V..      ..        .
      ..              ..      .....             .....      ..        ..
        .               ...       ...............       ....        ..
         ..                ...                       ....         ..
           ..                 .......         .......           ..
             ...                     ..........               ..
               ....                                       ....
                   . ...                              ....
                        ..... ..             . ......
                                ... .... ....
  

  @ the Sun    M Mercury    V Venus    E Earth    m Mars
  Looking down on the ecliptic from the north; the ellipses are to scale.
